[33mÔØ»[39m Building...
[32mÔ£ö[39m Building...
[1mInitial chunk files[22m[2m | [22m[1mNames[22m                   [2m | [22m [1mRaw size[22m[2m | [22m[1mEstimated transfer size[22m
[32mchunk-4GT6KU5V.js[39m  [2m | [22m[2m-[22m                       [2m | [22m[36m160.09 kB[39m[2m | [22m               [36m47.26 kB[39m
[32mchunk-ZS6XWRSK.js[39m  [2m | [22m[2m-[22m                       [2m | [22m [36m81.97 kB[39m[2m | [22m               [36m20.69 kB[39m
[32mchunk-BJTQ2B67.js[39m  [2m | [22m[2m-[22m                       [2m | [22m [36m55.35 kB[39m[2m | [22m               [36m15.56 kB[39m
[32mmain-EUAL6G4N.js[39m   [2m | [22m[2mmain[22m                    [2m | [22m  [36m4.04 kB[39m[2m | [22m                [36m1.42 kB[39m
[32mstyles-PULYDIRA.css[39m[2m | [22m[2mstyles[22m                  [2m | [22m  [36m2.79 kB[39m[2m | [22m              [36m787 bytes[39m
[32mchunk-GKR2AKWZ.js[39m  [2m | [22m[2m-[22m                       [2m | [22m[36m591 bytes[39m[2m | [22m              [36m591 bytes[39m

[1m [22m                  [2m | [22m[1mInitial total[22m           [2m | [22m[1m304.82 kB[22m[2m | [22m               [1m86.32 kB[22m

[1mLazy chunk files[22m   [2m | [22m[1mNames[22m                   [2m | [22m [1mRaw size[22m[2m | [22m[1mEstimated transfer size[22m
[32mchunk-T7ZNRULS.js[39m  [2m | [22m[2msheet-component[22m         [2m | [22m[36m523.31 kB[39m[2m | [22m               [36m93.28 kB[39m
[32mchunk-EP2ILSXL.js[39m  [2m | [22m[2m-[22m                       [2m | [22m[36m263.19 kB[39m[2m | [22m               [36m48.52 kB[39m
[32mchunk-6HWVLZ5T.js[39m  [2m | [22m[2mlobby-component[22m         [2m | [22m[36m216.92 kB[39m[2m | [22m               [36m43.57 kB[39m
[32mchunk-RJAQVQS7.js[39m  [2m | [22m[2mworld-component[22m         [2m | [22m[36m212.82 kB[39m[2m | [22m               [36m40.36 kB[39m
[32mchunk-2KCSUOXT.js[39m  [2m | [22m[2m-[22m                       [2m | [22m[36m149.31 kB[39m[2m | [22m               [36m30.77 kB[39m
[32mchunk-XKX552DN.js[39m  [2m | [22m[2mlibrary-editor-component[22m[2m | [22m[36m125.16 kB[39m[2m | [22m               [36m22.75 kB[39m
[32mchunk-V4AWLSYJ.js[39m  [2m | [22m[2m-[22m                       [2m | [22m [36m64.38 kB[39m[2m | [22m               [36m15.30 kB[39m
[32mchunk-MZHIIEJH.js[39m  [2m | [22m[2m-[22m                       [2m | [22m [36m57.68 kB[39m[2m | [22m               [36m14.97 kB[39m
[32mchunk-E2TLBBCT.js[39m  [2m | [22m[2m-[22m                       [2m | [22m [36m45.91 kB[39m[2m | [22m                [36m8.90 kB[39m
[32mchunk-XFP4RADR.js[39m  [2m | [22m[2m-[22m                       [2m | [22m [36m37.95 kB[39m[2m | [22m                [36m7.92 kB[39m
[32mchunk-UJ5LGWWY.js[39m  [2m | [22m[2m-[22m                       [2m | [22m [36m37.91 kB[39m[2m | [22m                [36m8.21 kB[39m
[32mchunk-62SYECBG.js[39m  [2m | [22m[2mstress-test-component[22m   [2m | [22m [36m16.17 kB[39m[2m | [22m                [36m4.29 kB[39m
[32mchunk-TXE7XIF3.js[39m  [2m | [22m[2m-[22m                       [2m | [22m  [36m2.69 kB[39m[2m | [22m              [36m699 bytes[39m
[32mchunk-JGJE7DYN.js[39m  [2m | [22m[2m-[22m                       [2m | [22m[36m550 bytes[39m[2m | [22m              [36m550 bytes[39m
[32mchunk-WFL6NFYL.js[39m  [2m | [22m[2msession-component[22m       [2m | [22m[36m312 bytes[39m[2m | [22m              [36m312 bytes[39m

Application bundle generation complete. [7.981 seconds] - 2026-04-07T13:18:13.694Z

node.exe : [1m[33m[33mÔû▓ [43;33m[[43;30mWARNING[43;33m][0m [1mNG8107: 
The left side of this optional chain operation does not include 'null' or 
'undefined' in its type, therefore the '?.' operator can be replaced with the 
'.' operator.[0m [1m[35m[plugin angular-compiler][0m
In Zeile:1 Zeichen:1
+ & "C:\Program Files\nodejs/node.exe" "C:\Program Files\nodejs/node_mo ...
+ ~~~~~~~~~~~~~~~~~~~~~~~~~~~~~~~~~~~~~~~~~~~~~~~~~~~~~~~~~~~~~~~~~~~~~
    + CategoryInfo          : NotSpecified: ([1m[33m[33mÔ...r-compiler][0m 
   :String) [], RemoteException
    + FullyQualifiedErrorId : NativeCommandError
 

    src/app/shared/rune-editor/rune-editor.component.html:17:44:
[37m      17 Ôöé ...          [disabled]="!editRune.name?.[32mtrim[37m() || 
isSavingCanvas()">
         ÔòÁ                                          [32m~~~~[0m

  Warning occurs in the template of component RuneEditorComponent.

    src/app/shared/rune-editor/rune-editor.component.ts:15:15:
[37m      15 Ôöé   templateUrl: [32m'./rune-editor.component.html'[37m,
         ÔòÁ                [32m~~~~~~~~~~~~~~~~~~~~~~~~~~~~~~[0m


[33mÔû▓ [43;33m[[43;30mWARNING[43;33m][0m [1mNG8107: The left side of 
this optional chain operation does not include 'null' or 'undefined' in its 
type, therefore the '?.' operator can be replaced with the '.' operator.[0m 
[1m[35m[plugin angular-compiler][0m

    src/app/shared/rune-editor/rune-editor.component.html:37:56:
[37m      37 Ôöé                    
[class.input-empty]="!editRune.name?.[32mtrim[37m()"
         ÔòÁ                                                         
[32m~~~~[0m

  Warning occurs in the template of component RuneEditorComponent.

    src/app/shared/rune-editor/rune-editor.component.ts:15:15:
[37m      15 Ôöé   templateUrl: [32m'./rune-editor.component.html'[37m,
         ÔòÁ                [32m~~~~~~~~~~~~~~~~~~~~~~~~~~~~~~[0m


[33mÔû▓ [43;33m[[43;30mWARNING[43;33m][0m [1mNG8107: The left side of 
this optional chain operation does not include 'null' or 'undefined' in its 
type, therefore the '?.' operator can be replaced with the '.' operator.[0m 
[1m[35m[plugin angular-compiler][0m

    src/app/shared/skill-editor/skill-editor.component.html:17:53:
[37m      17 Ôöé                
[class.input-empty]="!editSkill.name?.[32mtrim[37m()"
         ÔòÁ                                                      [32m~~~~[0m

  Warning occurs in the template of component SkillEditorComponent.

    src/app/shared/skill-editor/skill-editor.component.ts:10:15:
[37m      10 Ôöé   templateUrl: [32m'./skill-editor.component.html'[37m,
         ÔòÁ                [32m~~~~~~~~~~~~~~~~~~~~~~~~~~~~~~~[0m


[33mÔû▓ [43;33m[[43;30mWARNING[43;33m][0m [1mNG8107: The left side of 
this optional chain operation does not include 'null' or 'undefined' in its 
type, therefore the '?.' operator can be replaced with the '.' operator.[0m 
[1m[35m[plugin angular-compiler][0m

    src/app/shared/skill-editor/skill-editor.component.html:149:45:
[37m      149 Ôöé                 
[disabled]="!editSkill.name?.[32mtrim[37m()">
          ÔòÁ                                              [32m~~~~[0m

  Warning occurs in the template of component SkillEditorComponent.

    src/app/shared/skill-editor/skill-editor.component.ts:10:15:
[37m      10 Ôöé   templateUrl: [32m'./skill-editor.component.html'[37m,
         ÔòÁ                [32m~~~~~~~~~~~~~~~~~~~~~~~~~~~~~~~[0m


[33mÔû▓ [43;33m[[43;30mWARNING[43;33m][0m [1mNG8107: The left side of 
this optional chain operation does not include 'null' or 'undefined' in its 
type, therefore the '?.' operator can be replaced with the '.' operator.[0m 
[1m[35m[plugin angular-compiler][0m

    src/app/shared/spell-editor/spell-editor.component.html:15:53:
[37m      15 Ôöé                
[class.input-empty]="!editSpell.name?.[32mtrim[37m()"
         ÔòÁ                                                      [32m~~~~[0m

  Warning occurs in the template of component SpellEditorComponent.

    src/app/shared/spell-editor/spell-editor.component.ts:10:15:
[37m      10 Ôöé   templateUrl: [32m'./spell-editor.component.html'[37m,
         ÔòÁ                [32m~~~~~~~~~~~~~~~~~~~~~~~~~~~~~~~[0m


[33mÔû▓ [43;33m[[43;30mWARNING[43;33m][0m [1mNG8107: The left side of 
this optional chain operation does not include 'null' or 'undefined' in its 
type, therefore the '?.' operator can be replaced with the '.' operator.[0m 
[1m[35m[plugin angular-compiler][0m

    src/app/shared/spell-editor/spell-editor.component.html:77:84:
[37m      77 Ôöé ...e-btn" (click)="saveSpell()" 
[disabled]="!editSpell.name?.[32mtrim[37m()">
         ÔòÁ                                                              
[32m~~~~[0m

  Warning occurs in the template of component SpellEditorComponent.

    src/app/shared/spell-editor/spell-editor.component.ts:10:15:
[37m      10 Ôöé   templateUrl: [32m'./spell-editor.component.html'[37m,
         ÔòÁ                [32m~~~~~~~~~~~~~~~~~~~~~~~~~~~~~~~[0m


[33mÔû▓ [43;33m[[43;30mWARNING[43;33m][0m [1mNG8102: The left side of 
this nullish coalescing operation does not include 'null' or 'undefined' in 
its type, therefore the '??' operator can be safely removed.[0m 
[1m[35m[plugin angular-compiler][0m

    src/app/shared/spell-node-editor/spell-cost-display/spell-cost-display.comp
onent.html:63:61:
[37m      63 Ôöé ...urnCostStr([32mcaseEntries(ci)[0] ?? 
{turn:0,mana:0,fokus:0}[37m) }}</div>
         ÔòÁ               
[32m~~~~~~~~~~~~~~~~~~~~~~~~~~~~~~~~~~~~~~~~~~~~~[0m

  Warning occurs in the template of component SpellCostDisplayComponent.

    src/app/shared/spell-node-editor/spell-cost-display/spell-cost-display.comp
onent.ts:10:15:
[37m      10 Ôöé   templateUrl: 
[32m'./spell-cost-display.component.html'[37m,
         ÔòÁ                [32m~~~~~~~~~~~~~~~~~~~~~~~~~~~~~~~~~~~~~[0m


[33mÔû▓ [43;33m[[43;30mWARNING[43;33m][0m [1mNG8107: The left side of 
this optional chain operation does not include 'null' or 'undefined' in its 
type, therefore the '?.' operator can be replaced with the '.' operator.[0m 
[1m[35m[plugin angular-compiler][0m

    src/app/shared/spell-node-editor/spell-node-editor.component.html:32:63:
[37m      32 Ôöé ...        @if (rune.name !== NEUTRAL_RUNE_ID && 
rune.tags?.[32mlength[37m) {
         ÔòÁ                                                             
[32m~~~~~~[0m

  Warning occurs in the template of component SpellNodeEditorComponent.

    src/app/shared/spell-node-editor/spell-node-editor.component.ts:30:15:
[37m      30 Ôöé   templateUrl: 
[32m'./spell-node-editor.component.html'[37m,
         ÔòÁ                [32m~~~~~~~~~~~~~~~~~~~~~~~~~~~~~~~~~~~~[0m


[33mÔû▓ [43;33m[[43;30mWARNING[43;33m][0m [1mNG8107: The left side of 
this optional chain operation does not include 'null' or 'undefined' in its 
type, therefore the '?.' operator can be replaced with the '.' operator.[0m 
[1m[35m[plugin angular-compiler][0m

    src/app/shared/spell-node-editor/spell-node-editor.component.html:492:35:
[37m      492 Ôöé           @if (inspectedRune.tags?.[32mlength[37m) {
          ÔòÁ                                    [32m~~~~~~[0m

  Warning occurs in the template of component SpellNodeEditorComponent.

    src/app/shared/spell-node-editor/spell-node-editor.component.ts:30:15:
[37m      30 Ôöé   templateUrl: 
[32m'./spell-node-editor.component.html'[37m,
         ÔòÁ                [32m~~~~~~~~~~~~~~~~~~~~~~~~~~~~~~~~~~~~[0m


[33mÔû▓ [43;33m[[43;30mWARNING[43;33m][0m [1mNG8107: The left side of 
this optional chain operation does not include 'null' or 'undefined' in its 
type, therefore the '?.' operator can be replaced with the '.' operator.[0m 
[1m[35m[plugin angular-compiler][0m

    src/app/sheet/currency/currency.component.html:17:35:
[37m      17 Ôöé         [ngModel]="sheet.currency?.[32mcopper[37m || 0"
         ÔòÁ                                    [32m~~~~~~[0m

  Warning occurs in the template of component CurrencyComponent.

    src/app/sheet/currency/currency.component.ts:12:15:
[37m      12 Ôöé   templateUrl: [32m'./currency.component.html'[37m,
         ÔòÁ                [32m~~~~~~~~~~~~~~~~~~~~~~~~~~~[0m


[33mÔû▓ [43;33m[[43;30mWARNING[43;33m][0m [1mNG8107: The left side of 
this optional chain operation does not include 'null' or 'undefined' in its 
type, therefore the '?.' operator can be replaced with the '.' operator.[0m 
[1m[35m[plugin angular-compiler][0m

    src/app/sheet/currency/currency.component.html:29:35:
[37m      29 Ôöé         [ngModel]="sheet.currency?.[32msilver[37m || 0"
         ÔòÁ                                    [32m~~~~~~[0m

  Warning occurs in the template of component CurrencyComponent.

    src/app/sheet/currency/currency.component.ts:12:15:
[37m      12 Ôöé   templateUrl: [32m'./currency.component.html'[37m,
         ÔòÁ                [32m~~~~~~~~~~~~~~~~~~~~~~~~~~~[0m


[33mÔû▓ [43;33m[[43;30mWARNING[43;33m][0m [1mNG8107: The left side of 
this optional chain operation does not include 'null' or 'undefined' in its 
type, therefore the '?.' operator can be replaced with the '.' operator.[0m 
[1m[35m[plugin angular-compiler][0m

    src/app/sheet/currency/currency.component.html:41:35:
[37m      41 Ôöé         [ngModel]="sheet.currency?.[32mgold[37m || 0"
         ÔòÁ                                    [32m~~~~[0m

  Warning occurs in the template of component CurrencyComponent.

    src/app/sheet/currency/currency.component.ts:12:15:
[37m      12 Ôöé   templateUrl: [32m'./currency.component.html'[37m,
         ÔòÁ                [32m~~~~~~~~~~~~~~~~~~~~~~~~~~~[0m


[33mÔû▓ [43;33m[[43;30mWARNING[43;33m][0m [1mNG8107: The left side of 
this optional chain operation does not include 'null' or 'undefined' in its 
type, therefore the '?.' operator can be replaced with the '.' operator.[0m 
[1m[35m[plugin angular-compiler][0m

    src/app/sheet/currency/currency.component.html:53:35:
[37m      53 Ôöé         [ngModel]="sheet.currency?.[32mplatinum[37m || 0"
         ÔòÁ                                    [32m~~~~~~~~[0m

  Warning occurs in the template of component CurrencyComponent.

    src/app/sheet/currency/currency.component.ts:12:15:
[37m      12 Ôöé   templateUrl: [32m'./currency.component.html'[37m,
Output location: C:\Users\adermake\Documents\22FailApp\frontend\dist\frontend

         ÔòÁ                [32m~~~~~~~~~~~~~~~~~~~~~~~~~~~[0m


[33mÔû▓ [43;33m[[43;30mWARNING[43;33m][0m [1mNG8107: The left side of 
this optional chain operation does not include 'null' or 'undefined' in its 
type, therefore the '?.' operator can be replaced with the '.' operator.[0m 
[1m[35m[plugin angular-compiler][0m

    src/app/sheet/spell/spell.component.html:55:21:
[37m      55 Ôöé     @if (spell.tags?.[32mlength[37m) {
         ÔòÁ                      [32m~~~~~~[0m

  Warning occurs in the template of component SpellComponent.

    src/app/sheet/spell/spell.component.ts:27:15:
[37m      27 Ôöé   templateUrl: [32m'./spell.component.html'[37m,
         ÔòÁ                [32m~~~~~~~~~~~~~~~~~~~~~~~~[0m


[33mÔû▓ [43;33m[[43;30mWARNING[43;33m][0m [1mNG8107: The left side of 
this optional chain operation does not include 'null' or 'undefined' in its 
type, therefore the '?.' operator can be replaced with the '.' operator.[0m 
[1m[35m[plugin angular-compiler][0m

    src/app/sheet/spell/spell.component.html:64:24:
[37m      64 Ôöé     @if (spell.binding?.[32mtype[37m !== 'learned' && 
spell.binding?.itemN...
         ÔòÁ                         [32m~~~~[0m

  Warning occurs in the template of component SpellComponent.

    src/app/sheet/spell/spell.component.ts:27:15:
[37m      27 Ôöé   templateUrl: [32m'./spell.component.html'[37m,
         ÔòÁ                [32m~~~~~~~~~~~~~~~~~~~~~~~~[0m


[33mÔû▓ [43;33m[[43;30mWARNING[43;33m][0m [1mNG8107: The left side of 
this optional chain operation does not include 'null' or 'undefined' in its 
type, therefore the '?.' operator can be replaced with the '.' operator.[0m 
[1m[35m[plugin angular-compiler][0m

    src/app/sheet/spell/spell.component.html:64:61:
[37m      64 Ôöé ...f (spell.binding?.type !== 'learned' && 
spell.binding?.[32mitemName[37m) {
         ÔòÁ                                                           
[32m~~~~~~~~[0m

  Warning occurs in the template of component SpellComponent.

    src/app/sheet/spell/spell.component.ts:27:15:
[37m      27 Ôöé   templateUrl: [32m'./spell.component.html'[37m,
         ÔòÁ                [32m~~~~~~~~~~~~~~~~~~~~~~~~[0m


[33mÔû▓ [43;33m[[43;30mWARNING[43;33m][0m 
[1msrc/app/shared/spell-node-editor/spell-node-editor.component.css exceeded 
maximum budget. Budget 24.00 kB was not met by 10.20 kB with a total of 34.20 
kB.[0m

[39m[22m
